// Jest Snapshot v1, https://goo.gl/fbAQLP

exports[`Page should match snapshot 1`] = `
<DocumentFragment>
  <div
    class="min-vh-100 d-flex align-items-center container"
  >
    <div
      class="col-sm-12 col-md-6 offset-md-3 col-sm-6"
    >
      <div
        class="card"
      >
        <div
          class="card-body"
        >
          <h1
            class="card-title"
          >
            Login
          </h1>
          <form>
            <div
              class="form-group"
            >
              <label
                class=""
              >
                Username
              </label>
              <input
                class="form-control"
                name="username"
                placeholder="Enter your username"
                type="text"
              />
            </div>
            <div
              class="form-group"
            >
              <label
                class=""
              >
                Password
              </label>
              <input
                class="form-control"
                name="password"
                placeholder="Enter your password"
                type="password"
              />
            </div>
            <div
              class="form-group"
            >
              <button
                class="btn btn-primary btn-block"
                type="submit"
              >
                Login
              </button>
            </div>
          </form>
        </div>
      </div>
    </div>
  </div>
</DocumentFragment>
`;
